// Jest Snapshot v1, https://goo.gl/fbAQLP

exports[`Form block Edit callback Renders form preview 1`] = `<div />`;

exports[`Form block Edit callback Renders placeholder 1`] = `
<div>
  <div
    class="components-placeholder is-small"
  >
    <iframe
      aria-hidden="true"
      aria-label="resize-listener"
      frameborder="0"
      src="about:blank"
      style="display: block; opacity: 0; position: absolute; top: 0px; left: 0px; height: 100%; width: 100%; overflow: hidden; pointer-events: none; z-index: -1;"
      tabindex="-1"
    />
    <div
      class="components-placeholder__label"
    />
    <div
      class="components-placeholder__fieldset"
    >
      <div
        class="components-base-control"
      >
        <div
          class="components-base-control__field"
        >
          <label
            class="components-base-control__label"
            for="inspector-select-control-0"
          >
            Choose Form
          </label>
          <select
            class="components-select-control__input"
            id="inspector-select-control-0"
          >
            <option>
              ---
            </option>
            <option
              value="1"
            >
              Fake Form
            </option>
            <option
              value="2"
            >
              Real Form
            </option>
            <option
              value="3"
            >
              Unreal Form
            </option>
            <option
              value="4"
            >
              Mystery Form
            </option>
          </select>
        </div>
      </div>
    </div>
  </div>
</div>
`;
